../Core/Src/main.c:83:6:send_uart	16	static
../Core/Src/main.c:87:6:print_menu	8	static
../Core/Src/main.c:96:6:set_pwm_duty	16	static
../Core/Src/main.c:101:6:read_adc_single	16	static
../Core/Src/main.c:111:6:read_adc_dma_avg	16	static
../Core/Src/main.c:125:6:HAL_ADC_ConvCpltCallback	32	static
../Core/Src/main.c:139:5:main	16	static
../Core/Src/main.c:219:6:SystemClock_Config	88	static
../Core/Src/main.c:266:13:MX_ADC1_Init	24	static
../Core/Src/main.c:318:13:MX_TIM3_Init	48	static
../Core/Src/main.c:367:13:MX_USART2_UART_Init	8	static
../Core/Src/main.c:398:13:MX_DMA_Init	16	static
../Core/Src/main.c:416:13:MX_GPIO_Init	16	static
../Core/Src/main.c:438:6:Error_Handler	4	static,ignoring_inline_asm
